
> internal-erp@1.0.0 build
> next build

▲ Next.js 16.3.1 (Turbopack)
✓ Running next.config.mjs took 43ms
  Downloading swc package @next/swc-wasm-nodejs... to C:\Users\Twazei_ceo\AppData\Local\next-swc
⚠ Attempted to load @next/swc-win32-x64-msvc, but an error occurred: \\?\E:\Huffathul Hifaaz_asl\node_modules\@next\swc-win32-x64-msvc\next-swc.win32-x64-msvc.node is not a valid Win32 application.
\\?\E:\Huffathul Hifaaz_asl\node_modules\@next\swc-win32-x64-msvc\next-swc.win32-x64-msvc.node
  Skipping creating a lockfile at E:\Huffathul Hifaaz_asl\apps\internal-erp\.next\lock because we're using WASM bindings

  Creating an optimized production build ...
⚠ Attempted to load @next/swc-win32-x64-msvc, but an error occurred: \\?\E:\Huffathul Hifaaz_asl\node_modules\@next\swc-win32-x64-msvc\next-swc.win32-x64-msvc.node is not a valid Win32 application.
\\?\E:\Huffathul Hifaaz_asl\node_modules\@next\swc-win32-x64-msvc\next-swc.win32-x64-msvc.node

> Build error occurred
Error: Turbopack is not supported on this platform (win32/x64) because native bindings are not available. Only WebAssembly (WASM) bindings were loaded, and Turbopack requires native bindings.

To build on this platform, use Webpack instead:
  next build --webpack

For more information, see: https://nextjs.org/docs/app/api-reference/turbopack#supported-platforms
    at ignore-listed frames
npm error Lifecycle script `build` failed with error:
npm error code 1
npm error path E:\Huffathul Hifaaz_asl\apps\internal-erp
npm error workspace internal-erp@1.0.0
npm error location E:\Huffathul Hifaaz_asl\apps\internal-erp
npm error command failed
npm error command C:\WINDOWS\system32\cmd.exe /d /s /c next build
